[courses.ankurwarikoo.com/communication-ga/index.html]
[backblue.gif]
[fade.gif]
[index.html]
[courses.ankurwarikoo.com/comments/feed/index.html]
[courses.ankurwarikoo.com/feed/index.html]
[courses.ankurwarikoo.com/wp-content/cache/wpfc-minified/6mxc84di/87za5.css]
[courses.ankurwarikoo.com/wp-content/cache/wpfc-minified/dg7k3qhu/87za5.css]
[courses.ankurwarikoo.com/wp-content/cache/wpfc-minified/23e2d0k4/87za5.css]
[courses.ankurwarikoo.com/wp-content/themes/Divi/includes/builder/styles/images/preloader.gif]
[courses.ankurwarikoo.com/wp-content/themes/Divi/core/admin/fonts/modules/all/modules.eot]
[courses.ankurwarikoo.com/wp-content/cache/wpfc-minified/jme9r7lo/87za5.css]
[courses.ankurwarikoo.com/wp-content/uploads/elementor/css/post-14116885.css]
[courses.ankurwarikoo.com/wp-content/cache/wpfc-minified/9lukxfue/87za5.css]
[courses.ankurwarikoo.com/wp-content/uploads/elementor/css/post-1118619d8.css]
[courses.ankurwarikoo.com/wp-content/cache/wpfc-minified/2cuzkb4o/87za5.css]
[courses.ankurwarikoo.com/wp-includes/js/dist/vendor/lodash.minf492.js]
[courses.ankurwarikoo.com/wp-includes/js/dist/vendor/regenerator-runtime.min3937.js]
[courses.ankurwarikoo.com/wp-includes/js/dist/vendor/wp-polyfill.min2c7c.js]
[courses.ankurwarikoo.com/wp-includes/js/dist/vendor/react.minbc7c.js]
[courses.ankurwarikoo.com/wp-includes/js/dist/vendor/react-dom.minbc7c.js]
[courses.ankurwarikoo.com/wp-includes/js/dist/escape-html.min7a51.js]
[courses.ankurwarikoo.com/wp-includes/js/dist/element.min6838.js]
[courses.ankurwarikoo.com/wp-content/plugins/text-typing/assets/js/typed.min7b2b.js]
[courses.ankurwarikoo.com/wp-content/plugins/text-typing/dist/script4bf4.js]
[courses.ankurwarikoo.com/wp-includes/js/jquery/jquery.minaf6c.js]
[courses.ankurwarikoo.com/wp-includes/js/jquery/jquery-migrate.mind617.js]
[courses.ankurwarikoo.com/wp-content/plugins/typing-text/assets/js/typed.min68b3.js]
[courses.ankurwarikoo.com/wp-content/plugins/elementor/assets/lib/font-awesome/js/v4-shims.mina44d.js]
[courses.ankurwarikoo.com/wp-json/wp/v2/pages/11186.json]
[courses.ankurwarikoo.com/wp-json/index.html]
[courses.ankurwarikoo.com/xmlrpc0db0.php]
[courses.ankurwarikoo.com/wp-includes/wlwmanifest.xml]
[courses.ankurwarikoo.com/wp-json/oembed/1.0/embed2d80.json]
[courses.ankurwarikoo.com/wp-json/oembed/1.0/embed9f0a]
[courses.ankurwarikoo.com/wp-content/uploads/2021/01/cropped-cropped-Copy-of-aw-1-32x32.png]
[courses.ankurwarikoo.com/wp-content/uploads/2021/01/cropped-cropped-Copy-of-aw-1-192x192.png]
[courses.ankurwarikoo.com/wp-content/uploads/2021/01/cropped-cropped-Copy-of-aw-1-180x180.png]
[courses.ankurwarikoo.com/wp-content/cache/wpfc-minified/deb1cr1p/87za9.css]
[courses.ankurwarikoo.com/wp-content/uploads/2022/10/493b0c29c3995efaa13a6ae0a0ca765e-1.png]
[courses.ankurwarikoo.com/wp-content/uploads/2023/02/logo-updated.png]
[courses.ankurwarikoo.com/wp-content/uploads/2023/02/Ece-Updated-Website-Video-Effective-Communication.mp4]
[courses.ankurwarikoo.com/wp-content/uploads/2023/02/video.jpg]
[courses.ankurwarikoo.com/wp-content/uploads/2022/10/9875416066955b0bd4e70a95bd6cbe3b-819x1024.jpeg]
[courses.ankurwarikoo.com/wp-content/uploads/2023/02/check-mark.svg]
[courses.ankurwarikoo.com/wp-content/uploads/2023/02/close-red.svg]
[courses.ankurwarikoo.com/wp-content/uploads/2023/02/certificate.png]
[courses.ankurwarikoo.com/wp-content/uploads/2023/02/Ech-Updated-Website-Video-Effective-Communication.mp4]
[courses.ankurwarikoo.com/wp-content/cache/wpfc-minified/feku3neh/87za5.css]
[courses.ankurwarikoo.com/wp-content/plugins/typing-text/assets/js/eb-animation-load9632.js]
[courses.ankurwarikoo.com/wp-content/plugins/quform/cache/quform434f.js]
[courses.ankurwarikoo.com/wp-content/themes/Divi/js/scripts.min0497.js]
[courses.ankurwarikoo.com/wp-content/plugins/wow-carousel-for-divi-lite/scripts/frontend-bundle.min19f6.js]
[courses.ankurwarikoo.com/wp-content/themes/Divi/core/admin/js/common0497.js]
[courses.ankurwarikoo.com/wp-content/plugins/essential-addons-for-elementor-lite/assets/front-end/js/view/general.min7923.js]
[courses.ankurwarikoo.com/wp-content/plugins/powerpack-elements/assets/lib/slick/slick.minf7ff.js]
[courses.ankurwarikoo.com/wp-content/plugins/powerpack-elements/assets/lib/jquery-resize/jquery.resize.min3061.js]
[courses.ankurwarikoo.com/wp-includes/js/imagesloaded.mineda1.js]
[courses.ankurwarikoo.com/wp-content/plugins/powerpack-elements/assets/js/min/frontend.minf7ff.js]
[courses.ankurwarikoo.com/wp-content/plugins/elementor/assets/js/webpack.runtime.mina44d.js]
[courses.ankurwarikoo.com/wp-content/plugins/elementor/assets/js/frontend-modules.mina44d.js]
[courses.ankurwarikoo.com/wp-content/plugins/elementor/assets/lib/waypoints/waypoints.min05da.js]
[courses.ankurwarikoo.com/wp-includes/js/jquery/ui/core.min0028.js]
[courses.ankurwarikoo.com/wp-content/plugins/elementor/assets/lib/swiper/swiper.min48f5.js]
[courses.ankurwarikoo.com/wp-content/plugins/elementor/assets/lib/share-link/share-link.mina44d.js]
[courses.ankurwarikoo.com/wp-content/plugins/elementor/assets/lib/dialog/dialog.mind227.js]
[courses.ankurwarikoo.com/wp-content/plugins/elementor/assets/js/frontend.mina44d.js]
[courses.ankurwarikoo.com/wp-content/plugins/elementskit-lite/widgets/init/assets/js/animate-circle4250.js]
[courses.ankurwarikoo.com/wp-content/plugins/elementskit-lite/widgets/init/assets/js/elementor4250.js]
[courses.ankurwarikoo.com/wp-content/plugins/elementor/assets/js/preloaded-modules.mina44d.js]
[courses.ankurwarikoo.com/communication-ga/index.html]
[courses.ankurwarikoo.com/wp-content/cache/wpfc-minified/6mxc84di/87za5.css]
[courses.ankurwarikoo.com/wp-content/cache/wpfc-minified/dg7k3qhu/87za5.css]
[courses.ankurwarikoo.com/wp-content/cache/wpfc-minified/23e2d0k4/87za5.css]
[courses.ankurwarikoo.com/wp-content/cache/wpfc-minified/jme9r7lo/87za5.css]
[courses.ankurwarikoo.com/wp-content/plugins/quform/fonts/fontawesome-webfont3e6e.eot]
[courses.ankurwarikoo.com/wp-content/uploads/2021/04/bg-new.png]
[courses.ankurwarikoo.com/wp-content/uploads/elementor/css/post-14116885.css]
[courses.ankurwarikoo.com/wp-content/cache/wpfc-minified/9lukxfue/87za5.css]
[courses.ankurwarikoo.com/wp-content/uploads/elementor/css/post-1118619d8.css]
[courses.ankurwarikoo.com/wp-content/cache/wpfc-minified/2cuzkb4o/87za5.css]
[courses.ankurwarikoo.com/wp-includes/js/dist/vendor/lodash.minf492.js]
[courses.ankurwarikoo.com/wp-includes/js/dist/vendor/regenerator-runtime.min3937.js]
[courses.ankurwarikoo.com/wp-includes/js/dist/vendor/wp-polyfill.min2c7c.js]
[courses.ankurwarikoo.com/wp-includes/js/dist/vendor/react.minbc7c.js]
[courses.ankurwarikoo.com/wp-includes/js/dist/vendor/react-dom.minbc7c.js]
[courses.ankurwarikoo.com/wp-includes/js/dist/escape-html.min7a51.js]
[courses.ankurwarikoo.com/wp-includes/js/dist/element.min6838.js]
[courses.ankurwarikoo.com/wp-content/plugins/text-typing/assets/js/typed.min7b2b.js]
[courses.ankurwarikoo.com/wp-content/plugins/text-typing/dist/script4bf4.js]
[courses.ankurwarikoo.com/wp-includes/js/jquery/jquery.minaf6c.js]
[courses.ankurwarikoo.com/wp-includes/js/jquery/jquery-migrate.mind617.js]
[courses.ankurwarikoo.com/wp-content/plugins/typing-text/assets/js/typed.min68b3.js]
[courses.ankurwarikoo.com/wp-content/plugins/elementor/assets/lib/font-awesome/js/v4-shims.mina44d.js]
[courses.ankurwarikoo.com/index2bd4.html]
[courses.ankurwarikoo.com/wp-content/cache/wpfc-minified/deb1cr1p/87za9.css]
[courses.ankurwarikoo.com/wp-content/uploads/2023/02/check-mark.svg]
[courses.ankurwarikoo.com/wp-content/uploads/2023/02/close-red.svg]
[courses.ankurwarikoo.com/wp-content/cache/wpfc-minified/feku3neh/87za5.css]
[courses.ankurwarikoo.com/wp-content/plugins/typing-text/assets/js/eb-animation-load9632.js]
[courses.ankurwarikoo.com/wp-content/plugins/typing-text/dist/frontend/index04a5.js]
[courses.ankurwarikoo.com/wp-content/plugins/wow-carousel-for-divi-lite/assets/js/slick.min19f6.js]
[courses.ankurwarikoo.com/wp-content/plugins/quform/cache/quform434f.js]
[courses.ankurwarikoo.com/wp-content/themes/Divi/js/scripts.min0497.js]
[courses.ankurwarikoo.com/wp-content/plugins/elementskit-lite/libs/framework/assets/js/frontend-script4250.js]
[courses.ankurwarikoo.com/wp-content/plugins/elementskit-lite/widgets/init/assets/js/widget-scripts4250.js]
[courses.ankurwarikoo.com/wp-content/plugins/wow-carousel-for-divi-lite/scripts/frontend-bundle.min19f6.js]
[courses.ankurwarikoo.com/wp-content/themes/Divi/core/admin/js/common0497.js]
[courses.ankurwarikoo.com/wp-content/plugins/essential-addons-for-elementor-lite/assets/front-end/js/view/general.min7923.js]
[courses.ankurwarikoo.com/wp-content/plugins/powerpack-elements/assets/lib/slick/slick.minf7ff.js]
[courses.ankurwarikoo.com/wp-content/plugins/powerpack-elements/assets/lib/jquery-resize/jquery.resize.min3061.js]
[courses.ankurwarikoo.com/wp-includes/js/imagesloaded.mineda1.js]
[courses.ankurwarikoo.com/wp-content/plugins/powerpack-elements/assets/js/min/frontend.minf7ff.js]
[courses.ankurwarikoo.com/wp-content/plugins/elementor/assets/js/webpack.runtime.mina44d.js]
[courses.ankurwarikoo.com/wp-content/plugins/elementor/assets/js/frontend-modules.mina44d.js]
[courses.ankurwarikoo.com/wp-content/plugins/elementor/assets/lib/waypoints/waypoints.min05da.js]
[courses.ankurwarikoo.com/wp-includes/js/jquery/ui/core.min0028.js]
[courses.ankurwarikoo.com/wp-content/plugins/elementor/assets/lib/swiper/swiper.min48f5.js]
[courses.ankurwarikoo.com/communication-ga/$&/index.html]
[courses.ankurwarikoo.com/wp-content/plugins/elementor/assets/lib/share-link/share-link.mina44d.js]
[courses.ankurwarikoo.com/communication-ga/Trident/index.html]
[courses.ankurwarikoo.com/communication-ga/Gecko/index.html]
[courses.ankurwarikoo.com/index.html]
[courses.ankurwarikoo.com/wp-content/plugins/elementor/assets/lib/dialog/dialog.mind227.js]
[courses.ankurwarikoo.com/communication-ga/Edge/index.html]
[courses.ankurwarikoo.com/communication-ga/Firefox/index.html]
[courses.ankurwarikoo.com/communication-ga/Version/index.html]
[courses.ankurwarikoo.com/communication-ga/version/index-2.html]
[courses.ankurwarikoo.com/communication-ga/-negative.svg]
[courses.ankurwarikoo.com/wp-content/plugins/elementor/assets/js/frontend.mina44d.js]
[courses.ankurwarikoo.com/wp-content/plugins/elementskit-lite/widgets/init/assets/js/animate-circle4250.js]
[courses.ankurwarikoo.com/wp-content/plugins/elementskit-lite/widgets/init/assets/js/elementor4250.js]
[courses.ankurwarikoo.com/wp-content/plugins/elementor/assets/js/preloaded-modules.mina44d.js]
[courses.ankurwarikoo.com/communication-ga/$&/index.html]
[courses.ankurwarikoo.com/communication-ga/Trident/index.html]
[courses.ankurwarikoo.com/wp-content/uploads/elementor/css/post-8662f87a.css]
[courses.ankurwarikoo.com/communication-ga/OPR/index.html]
[courses.ankurwarikoo.com/wp-json/wp/v2/pages/8662.json]
[courses.ankurwarikoo.com/wp-json/oembed/1.0/embeda314.json]
[courses.ankurwarikoo.com/wp-json/oembed/1.0/embedd58e]
[connect.facebook.net/en_US/fbevents.js]
[courses.ankurwarikoo.com/wp-content/cache/wpfc-minified/fi1jbyno/87zbq.css]
[courses.ankurwarikoo.com/wp-content/uploads/2022/10/400x0_dcdee0d8975952af81a31a5e5ce26659.png]
[courses.ankurwarikoo.com/wp-content/uploads/2022/10/400x0_14ea23ad3b2015e429e89c39b3216563.png]
[courses.ankurwarikoo.com/wp-content/uploads/2022/10/400x0_4bda05dd082858b2b334e6e87c5314b9.png]
[courses.ankurwarikoo.com/wp-content/uploads/2023/01/7d2b205292cb287ce94d477bac95a097-1024x576.png]
[courses.ankurwarikoo.com/wp-content/uploads/2022/10/5037ca596a101aa56a5adf889e0c4c4d.png]
[courses.ankurwarikoo.com/wp-content/uploads/2022/10/09db5f7d5da4467ee68ea2d890683240.png]
[courses.ankurwarikoo.com/wp-content/uploads/2022/10/f1093c08a8884892ddf0d97fcfec9d44.png]
[courses.ankurwarikoo.com/wp-content/uploads/2022/10/c9dadaae98e781220a3cb2d396ea4351.png]
[courses.ankurwarikoo.com/wp-content/uploads/2022/10/0fbccd4ac7ec3fa2a6784cf28c7497d2.png]
[courses.ankurwarikoo.com/wp-content/uploads/2022/10/3fbac9e9339282eb861b48f7ee2130fc.png]
[courses.ankurwarikoo.com/index.html]
[courses.ankurwarikoo.com/communication-ga/Edge/index.html]
[courses.ankurwarikoo.com/communication-ga/Gecko/index.html]
[courses.ankurwarikoo.com/communication-ga/Firefox/index.html]
[courses.ankurwarikoo.com/communication-ga/Version/index.html]
[courses.ankurwarikoo.com/communication-ga/version/index-2.html]
[courses.ankurwarikoo.com/communication-ga/-negative.html]
[courses.ankurwarikoo.com/communication-ga/OPR/index.html]
[courses.ankurwarikoo.com/wp-content/plugins/elementor/assets/lib/eicons/fonts/eiconsb732.html]
[courses.ankurwarikoo.com/wp-content/plugins/elementor/assets/lib/font-awesome/webfonts/fa-brands-400.html]
[courses.ankurwarikoo.com/wp-content/plugins/elementor/assets/lib/font-awesome/webfonts/fa-regular-400.html]
[courses.ankurwarikoo.com/wp-content/uploads/elementor/css/post-8662f87a.css]
[courses.ankurwarikoo.com/a]
[courses.ankurwarikoo.com/POST]
[courses.ankurwarikoo.com/b.resolvedLink]
[courses.ankurwarikoo.com/schema.org/index.html]
[courses.ankurwarikoo.com/signals/iwl.js]
[connect.facebook.net/en_US/fbevents.js]
[courses.ankurwarikoo.com/wp-content/cache/wpfc-minified/fi1jbyno/87zbq.css]
[courses.ankurwarikoo.com/a.html]
[courses.ankurwarikoo.com/POST.html]
[courses.ankurwarikoo.com/schema.org/index.html]
[courses.ankurwarikoo.com/b.html]
[courses.ankurwarikoo.com/wp-content/plugins/elementor/assets/lib/font-awesome/webfonts/fa-solid-900.eot]
